[     201ms] [WARNING] Google Maps JavaScript API has been loaded directly without loading=async. This can result in suboptimal performance. For best-practice loading patterns please see https://goo.gle/js-api-loading @ https://maps.googleapis.com/maps/api/js?key=AIzaSyDrMhmHA8NmD_jRci7UQuYWNWsPC4EZgmk:329
[     700ms] [WARNING] <meta name="apple-mobile-web-app-capable" content="yes"> is deprecated. Please include <meta name="mobile-web-app-capable" content="yes"> @ https://admin-test.noscura.net/newHomeAdmin?selectedOption=1:0
[    1091ms] Error
[    1090ms] [WARNING] [2026-09-01T00:58:49.139Z]  @firebase/auth: Auth (11.7.0): Error while retrieving App Check token: FirebaseError: AppCheck: ReCAPTCHA error. (appCheck/recaptcha-error). @ https://www.gstatic.com/firebasejs/11.7.0/firebase-auth.js:0
[    1597ms] Error
[    1608ms] Error
[    3487ms] Error
[   18729ms] Error
[   51176ms] Error
[   51339ms] Error
[   65194ms] Error
[   65490ms] Error
[   65663ms] Error
[   65746ms] Error
[  105776ms] Error
[  106095ms] Error
[  106265ms] Error
[  106357ms] Error
[  294101ms] Error
[  294922ms] Error
[  295669ms] Error
[  296073ms] Error
[  296396ms] Error
[  296747ms] Error
[  297161ms] Error
[  297525ms] Error
[  297829ms] Error
[  298073ms] Error
[  298147ms] Error
