[      63ms] [WARNING] Google Maps JavaScript API has been loaded directly without loading=async. This can result in suboptimal performance. For best-practice loading patterns please see https://goo.gle/js-api-loading @ https://maps.googleapis.com/maps/api/js?key=AIzaSyDrMhmHA8NmD_jRci7UQuYWNWsPC4EZgmk:329
[     595ms] [WARNING] <meta name="apple-mobile-web-app-capable" content="yes"> is deprecated. Please include <meta name="mobile-web-app-capable" content="yes"> @ https://admin-test.noscura.net/newHomeAdmin?selectedOption=1:0
[    1043ms] Error
[    1043ms] [WARNING] [2026-09-01T01:41:31.198Z]  @firebase/auth: Auth (11.7.0): Error while retrieving App Check token: FirebaseError: AppCheck: ReCAPTCHA error. (appCheck/recaptcha-error). @ https://www.gstatic.com/firebasejs/11.7.0/firebase-auth.js:0
[    1502ms] Error
[    1516ms] Error
[    3220ms] Error
[   22785ms] Error
[   53656ms] Error
[   53717ms] Error
[  105960ms] Error
[  106120ms] Error
[  106357ms] Error
[  106492ms] Error
[  106613ms] Error
[  106676ms] Error
[  196740ms] Error
[  196930ms] Error
[  197142ms] Error
[  197376ms] Error
[  197541ms] Error
[  197803ms] Error
[  197933ms] Error
[  198012ms] Error
[  198712ms] Error
[  198901ms] Error
[  199085ms] Error
[  199250ms] Error
[  199296ms] Error
[  199337ms] Error
[  295988ms] Error
[  296216ms] Error
[  296371ms] Error
[  296731ms] Error
[  296865ms] Error
[  296998ms] Error
[  297045ms] Error
[  297114ms] Error
[  298066ms] Error
[  298246ms] Error
[  298378ms] Error
[  298502ms] Error
[  298553ms] Error
[  298619ms] Error
[  410162ms] Error
[  410162ms] [WARNING] [2026-09-01T01:48:20.317Z]  @firebase/auth: Auth (11.7.0): Error while retrieving App Check token: FirebaseError: AppCheck: ReCAPTCHA error. (appCheck/recaptcha-error). @ https://www.gstatic.com/firebasejs/11.7.0/firebase-auth.js:0
[  411077ms] Error
[  429651ms] Error
[  429865ms] Error
[  430013ms] Error
[  430387ms] Error
[  430550ms] Error
[  430693ms] Error
[  430750ms] Error
[  430820ms] Error
[  431742ms] Error
[  431957ms] Error
[  432134ms] Error
[  432288ms] Error
[  432354ms] Error
[  432413ms] Error
[  503762ms] Error
[  503972ms] Error
[  504119ms] Error
[  504418ms] Error
[  504544ms] Error
[  504682ms] Error
[  504746ms] Error
[  504799ms] Error
[  505786ms] Error
[  506013ms] Error
[  506161ms] Error
[  506304ms] Error
[  506359ms] Error
[  506417ms] Error
