[     172ms] [WARNING] Google Maps JavaScript API has been loaded directly without loading=async. This can result in suboptimal performance. For best-practice loading patterns please see https://goo.gle/js-api-loading @ https://maps.googleapis.com/maps/api/js?key=AIzaSyDrMhmHA8NmD_jRci7UQuYWNWsPC4EZgmk:329
[     743ms] [WARNING] <meta name="apple-mobile-web-app-capable" content="yes"> is deprecated. Please include <meta name="mobile-web-app-capable" content="yes"> @ https://admin-test.noscura.net/newHomeAdmin?selectedOption=1:0
[    1197ms] Error
[    1196ms] [WARNING] [2026-09-01T00:13:53.054Z]  @firebase/auth: Auth (11.7.0): Error while retrieving App Check token: FirebaseError: AppCheck: ReCAPTCHA error. (appCheck/recaptcha-error). @ https://www.gstatic.com/firebasejs/11.7.0/firebase-auth.js:0
[    1855ms] Error
[    1862ms] Error
[    3552ms] Error
[   69607ms] Error
[  194661ms] Error
[  226129ms] [LOG] LateInitializationError: Field '' has not been initialized. @ https://admin-test.noscura.net/main.dart.js:201814
[  226130ms] [LOG] at Object.throwUnnamedLateFieldNI (https://admin-test.noscura.net/main.dart.js:9722:67) @ https://admin-test.noscura.net/main.dart.js:201814
[  226131ms] [LOG]     at RxAfterWhatsappCopyModel.dispose$0 (https://admin-test.noscura.net/main.dart.js:728624:21) @ https://admin-test.noscura.net/main.dart.js:201814
[  226131ms] [LOG]     at ConsultationCompoModel.dispose$0 (https://admin-test.noscura.net/main.dart.js:614044:10) @ https://admin-test.noscura.net/main.dart.js:201814
[  226131ms] [LOG]     at ServiceDetailsIPModel.dispose$0 (https://admin-test.noscura.net/main.dart.js:1015241:10) @ https://admin-test.noscura.net/main.dart.js:201814
[  226131ms] [LOG]     at _ServiceDetailsIPWidgetState.dispose$0 (https://admin-test.noscura.net/main.dart.js:1015375:10) @ https://admin-test.noscura.net/main.dart.js:201814
[  226131ms] [LOG]     at StatefulElement.unmount$0 (https://admin-test.noscura.net/main.dart.js:379490:31) @ https://admin-test.noscura.net/main.dart.js:201814
[  226131ms] [LOG]     at Object._InactiveElements__unmount (https://admin-test.noscura.net/main.dart.js:58515:15) @ https://admin-test.noscura.net/main.dart.js:201814
[  226131ms] [LOG]     at _InactiveElements__unmount_closure.call$1 (https://admin-test.noscura.net/main.dart.js:378584:9) @ https://admin-test.noscura.net/main.dart.js:201814
[  226131ms] [LOG]     at SingleChildRenderObjectElement.visitChildren$1 (https://admin-test.noscura.net/main.dart.js:379690:17) @ https://admin-test.noscura.net/main.dart.js:201814
[  226131ms] [LOG]     at Object._InactiveElements__unmount (https://admin-test.noscura.net/main.dart.js:58514:15) @ https://admin-test.noscura.net/main.dart.js:201814
