[     413ms] [WARNING] Google Maps JavaScript API has been loaded directly without loading=async. This can result in suboptimal performance. For best-practice loading patterns please see https://goo.gle/js-api-loading @ https://maps.googleapis.com/maps/api/js?key=AIzaSyDrMhmHA8NmD_jRci7UQuYWNWsPC4EZgmk:329
[    1419ms] [WARNING] <meta name="apple-mobile-web-app-capable" content="yes"> is deprecated. Please include <meta name="mobile-web-app-capable" content="yes"> @ https://admin-test.noscura.net/newHomeAdmin?selectedOption=1:0
[    2511ms] Error
[    2522ms] Error
[    4104ms] Error
[   17986ms] Error
[  209056ms] Error
[  212397ms] Error
[  212459ms] Error
[  212561ms] Error
[  238245ms] Error
[  238404ms] Error
[  238545ms] Error
[  238608ms] Error
[  385145ms] Error
[  386018ms] Error
[  386492ms] Error
[  386777ms] Error
[  386975ms] Error
[  387053ms] Error
[  387109ms] Error
[  394611ms] Error
[  395668ms] Error
[  396260ms] Error
[  397100ms] Error
[  397722ms] Error
[  398506ms] Error
[  398800ms] Error
[  398997ms] Error
[  399055ms] Error
[  407591ms] Error
[  408955ms] Error
[  409661ms] Error
[  409977ms] Error
[  410281ms] Error
[  410403ms] Error
[  410470ms] Error
[  411189ms] Error
[  411763ms] Error
[  413767ms] Error
[  414163ms] Error
[  415971ms] Error
[  416796ms] Error
[  417480ms] Error
[  418343ms] Error
[  418909ms] Error
[  419528ms] Error
[  421664ms] Error
[  422114ms] Error
[  423209ms] Error
[  423631ms] Error
[  423987ms] Error
[  424334ms] Error
[  424441ms] Error
[  426964ms] Error
[  429128ms] Error
[  429598ms] Error
[  429983ms] Error
[  430298ms] Error
[  430383ms] Error
[  471388ms] Error
[  471387ms] [WARNING] [2026-09-01T00:53:19.640Z]  @firebase/auth: Auth (11.7.0): Error while retrieving App Check token: FirebaseError: AppCheck: ReCAPTCHA error. (appCheck/recaptcha-error). @ https://www.gstatic.com/firebasejs/11.7.0/firebase-auth.js:0
[  472074ms] Error
