[    1184ms] [WARNING] Google Maps JavaScript API has been loaded directly without loading=async. This can result in suboptimal performance. For best-practice loading patterns please see https://goo.gle/js-api-loading @ https://maps.googleapis.com/maps/api/js?key=AIzaSyDrMhmHA8NmD_jRci7UQuYWNWsPC4EZgmk:329
[    5452ms] [WARNING] <meta name="apple-mobile-web-app-capable" content="yes"> is deprecated. Please include <meta name="mobile-web-app-capable" content="yes"> @ https://admin-test.noscura.net/serviceDetailsIP?ipTask=KjxUDxlT1enCWgEPkHBA&billing=false:0
[    7286ms] Error
[    7314ms] Error
[   39372ms] Error
[  167129ms] Error
[  167643ms] Error
    at https://admin-test.noscura.net/main.dart.js:661709:92
    at _wrapJsFunctionForAsync_closure.$protected (https://admin-test.noscura.net/main.dart.js:11530:15)
    at _wrapJsFunctionForAsync_closure.call$2 (https://admin-test.noscura.net/main.dart.js:241398:12)
    at _awaitOnObject_closure.call$1 (https://admin-test.noscura.net/main.dart.js:241386:32)
    at _RootZone.runUnary$2$2 (https://admin-test.noscura.net/main.dart.js:244463:18)
    at _Future__propagateToListeners_handleValueCallback.call$0 (https://admin-test.noscura.net/main.dart.js:242481:51)
    at Object._Future__propagateToListeners (https://admin-test.noscura.net/main.dart.js:11868:93)
    at _Future._completeWithValue$1 (https://admin-test.noscura.net/main.dart.js:242298:9)
    at _AsyncAwaitCompleter.complete$1 (https://admin-test.noscura.net/main.dart.js:241366:14)
    at Object._asyncReturn (https://admin-test.noscura.net/main.dart.js:11502:17)
[  167909ms] [ERROR] Failed to load resource: the server responded with a status of 403 () @ https://firebasestorage.googleapis.com/v0/b/testing-database-pearl.appspot.com/o?name=users%2Fgen_1788220493027.pdf:0
[  167915ms] [LOG] Background Sync System Pipeline Error: [firebase_storage/unauthorized] User is not authorized to perform the desired action. @ https://admin-test.noscura.net/main.dart.js:201814
[  248790ms] Error
[  287208ms] Error
[  287359ms] [LOG] LateInitializationError: Field '' has not been initialized. @ https://admin-test.noscura.net/main.dart.js:201814
[  287360ms] [LOG] at Object.throwUnnamedLateFieldNI (https://admin-test.noscura.net/main.dart.js:9722:67) @ https://admin-test.noscura.net/main.dart.js:201814
[  287360ms] [LOG]     at RxAfterWhatsappCopyModel.dispose$0 (https://admin-test.noscura.net/main.dart.js:728624:21) @ https://admin-test.noscura.net/main.dart.js:201814
[  287361ms] [LOG]     at ConsultationCompoModel.dispose$0 (https://admin-test.noscura.net/main.dart.js:614044:10) @ https://admin-test.noscura.net/main.dart.js:201814
[  287361ms] [LOG]     at ServiceDetailsIPModel.dispose$0 (https://admin-test.noscura.net/main.dart.js:1015241:10) @ https://admin-test.noscura.net/main.dart.js:201814
[  287361ms] [LOG]     at _ServiceDetailsIPWidgetState.dispose$0 (https://admin-test.noscura.net/main.dart.js:1015375:10) @ https://admin-test.noscura.net/main.dart.js:201814
[  287361ms] [LOG]     at StatefulElement.unmount$0 (https://admin-test.noscura.net/main.dart.js:379490:31) @ https://admin-test.noscura.net/main.dart.js:201814
[  287361ms] [LOG]     at Object._InactiveElements__unmount (https://admin-test.noscura.net/main.dart.js:58515:15) @ https://admin-test.noscura.net/main.dart.js:201814
[  287361ms] [LOG]     at _InactiveElements__unmount_closure.call$1 (https://admin-test.noscura.net/main.dart.js:378584:9) @ https://admin-test.noscura.net/main.dart.js:201814
[  287361ms] [LOG]     at SingleChildRenderObjectElement.visitChildren$1 (https://admin-test.noscura.net/main.dart.js:379690:17) @ https://admin-test.noscura.net/main.dart.js:201814
[  287361ms] [LOG]     at Object._InactiveElements__unmount (https://admin-test.noscura.net/main.dart.js:58514:15) @ https://admin-test.noscura.net/main.dart.js:201814
[  287482ms] [VERBOSE] [DOM] Password field is not contained in a form: (More info: https://goo.gl/9p2vKq) %o @ https://admin-test.noscura.net/login:0
[  372930ms] Error
[  372930ms] [WARNING] [2026-08-31T23:58:18.900Z]  @firebase/auth: Auth (11.7.0): Error while retrieving App Check token: FirebaseError: AppCheck: ReCAPTCHA error. (appCheck/recaptcha-error). @ https://www.gstatic.com/firebasejs/11.7.0/firebase-auth.js:0
[  373665ms] Error
[  373665ms] [WARNING] [2026-08-31T23:58:19.635Z]  @firebase/auth: Auth (11.7.0): Error while retrieving App Check token: FirebaseError: AppCheck: ReCAPTCHA error. (appCheck/recaptcha-error). @ https://www.gstatic.com/firebasejs/11.7.0/firebase-auth.js:0
[  374308ms] Error
[  379536ms] Error
[  379713ms] Error
[  379881ms] Error
[  380291ms] Error
[  380451ms] Error
